// Jest Snapshot v1, https://goo.gl/fbAQLP

exports[`StocksList test render successfully 1`] = `
<div>
  <div
    class="container"
  >
    <div>
      <div
        class="container1"
      >
        <div
          class="name"
        >
          <span
            class="stock_name"
          >
            TSLA
          </span>
          <span
            class="company_name"
          >
            Tesla, Inc.
          </span>
        </div>
      </div>
    </div>
    <div>
      <div
        class="container1"
      >
        <div
          class="name"
        >
          <span
            class="stock_name"
          >
            MTSL
          </span>
          <span
            class="company_name"
          >
            Mer Telemanagement Solutions Ltd.
          </span>
        </div>
      </div>
    </div>
    <div>
      <div
        class="container1"
      >
        <div
          class="name"
        >
          <span
            class="stock_name"
          >
            FTSL
          </span>
          <span
            class="company_name"
          >
            First Trust Senior Loan Fund
          </span>
        </div>
      </div>
    </div>
  </div>
</div>
`;
