// Jest Snapshot v1, https://goo.gl/fbAQLP

exports[`StockItem test render successfully 1`] = `
<div>
  <div
    class="container1"
  >
    <div
      class="name"
    >
      <span
        class="stock_name"
      >
        TSLA
      </span>
      <span
        class="company_name"
      >
        Tesla, Inc.
      </span>
    </div>
  </div>
</div>
`;
