// Jest Snapshot v1, https://goo.gl/fbAQLP

exports[`Loser test when the item is not clicked 1`] = `
<div>
  <div
    class="loser"
  >
    <div
      class="title"
    >
       Most Loser Stock Today
    </div>
    <div
      class="list"
    >
      <div>
        <div
          class="ranking_item"
          role="click"
        >
          <div
            class="name"
          >
            <span
              class="stock_name"
            >
              SNOA
            </span>
            <span
              class="company_name"
            >
              Sonoma Pharmaceuticals Inc
            </span>
          </div>
          <span
            class="loser_price_text"
          >
            $10.75
          </span>
        </div>
        <hr
          class="line"
        />
      </div>
      <div>
        <div
          class="ranking_item"
          role="click"
        >
          <div
            class="name"
          >
            <span
              class="stock_name"
            >
              SLDB
            </span>
            <span
              class="company_name"
            >
              Solid Biosciences Inc
            </span>
          </div>
          <span
            class="loser_price_text"
          >
            $5.7706
          </span>
        </div>
        <hr
          class="line"
        />
      </div>
      <div>
        <div
          class="ranking_item"
          role="click"
        >
          <div
            class="name"
          >
            <span
              class="stock_name"
            >
              EQS
            </span>
            <span
              class="company_name"
            >
              EQUUS Total Return Inc
            </span>
          </div>
          <span
            class="loser_price_text"
          >
            $1.755
          </span>
        </div>
        <hr
          class="line"
        />
      </div>
      <div>
        <div
          class="ranking_item"
          role="click"
        >
          <div
            class="name"
          >
            <span
              class="stock_name"
            >
              NH
            </span>
            <span
              class="company_name"
            >
              NantHealth Inc
            </span>
          </div>
          <span
            class="loser_price_text"
          >
            $4.18
          </span>
        </div>
        <hr
          class="line"
        />
      </div>
      <div>
        <div
          class="ranking_item"
          role="click"
        >
          <div
            class="name"
          >
            <span
              class="stock_name"
            >
              VTVT
            </span>
            <span
              class="company_name"
            >
              vTv Therapeutics Inc
            </span>
          </div>
          <span
            class="loser_price_text"
          >
            $3.2
          </span>
        </div>
        <hr
          class="line"
        />
      </div>
    </div>
  </div>
</div>
`;
